[2026-07-21T17:19:04.963Z] local.ERROR: Stack "nonexistent-test-stack-xyz" is not in the Stacks registry. Run "buddy stack:list" to see available stacks.
[2026-07-21T17:19:04.961Z] local.INFO: Installing stack "nonexistent-test-stack-xyz"...
[2026-07-21T17:19:04.967Z] local.SUCCESS: Installed stack "testblog" from stacksjs-tests/testblog (1 file(s) copied, 0 skipped)
[2026-07-21T17:19:04.968Z] local.INFO: Installing stack "__test-lock-stack"...
[2026-07-21T17:19:04.964Z] local.INFO: Installing stack "__test-blog-stack"...
[2026-07-21T17:19:04.970Z] local.SUCCESS: Installed stack "testlock" from stacksjs-tests/testlock (1 file(s) copied, 0 skipped)
[2026-07-21T17:19:04.972Z] local.INFO: Installing stack "__test-conflict-stack"...
[2026-07-21T17:19:04.973Z] local.SUCCESS: Installed stack "testconflict" from stacksjs-tests/testconflict (1 file(s) copied, 1 skipped)
[2026-07-21T17:19:04.974Z] local.INFO: Installing stack "__test-force-stack"...
[2026-07-21T17:19:04.975Z] local.SUCCESS: Installed stack "testforce" from stacksjs-tests/testforce (1 file(s) copied, 0 skipped)
[2026-07-21T17:19:04.976Z] local.INFO: Installing stack "__test-backup-stack"...
[2026-07-21T17:19:04.981Z] local.SUCCESS: Installed stack "testbackup" from stacksjs-tests/testbackup (1 file(s) copied, 0 skipped)
[2026-07-21T17:19:04.983Z] local.INFO: Installing stack "__test-dry-stack"...
[2026-07-21T17:19:04.983Z] local.INFO: [dry-run] Would copy: config/__test-dry.ts
[2026-07-21T17:19:04.983Z] local.INFO: [dry-run] Would install 1 file(s), skip 0 file(s)
[2026-07-21T17:19:04.984Z] local.INFO: Installing stack "__test-double-stack"...
[2026-07-21T17:19:04.986Z] local.INFO: Installing stack "__test-double-stack"...
[2026-07-21T17:19:04.986Z] local.SUCCESS: Installed stack "testdouble" from stacksjs-tests/testdouble (1 file(s) copied, 0 skipped)
[2026-07-21T17:19:04.987Z] local.WARNING: Stack "testdouble" is already installed. Use --force to reinstall. undefined
[2026-07-21T17:19:05.004Z] local.INFO: Installing stack "__test-nested-stack"...
[2026-07-21T17:19:05.008Z] local.SUCCESS: Installed stack "testnested" from stacksjs-tests/testnested (3 file(s) copied, 0 skipped)
[2026-07-21T17:19:05.009Z] local.INFO: Installing stack "testbyname"...
[2026-07-21T17:19:05.010Z] local.SUCCESS: Installed stack "testbyname" from stacksjs-tests/testbyname (1 file(s) copied, 0 skipped)
[2026-07-21T17:19:05.011Z] local.INFO: Installing stack "@__test-scope/blog"...
[2026-07-21T17:19:05.012Z] local.SUCCESS: Installed stack "testscoped" from stacksjs-tests/testscoped (1 file(s) copied, 0 skipped)
[2026-07-21T17:19:05.013Z] local.INFO: Installing stack "__test-no-stacks"...
[2026-07-21T17:19:05.014Z] local.ERROR: Registry source "stacksjs-tests/no-metadata" does not declare stacks.name as "no-metadata"
[2026-07-21T17:19:05.015Z] local.INFO: Installing stack "__test-empty-stack"...
[2026-07-21T17:19:05.015Z] local.WARNING: Stack "testempty" has no project files to install undefined
[2026-07-21T17:19:05.016Z] local.ERROR: Stack "never-installed-xyz" is not installed
[2026-07-21T17:19:05.016Z] local.INFO: Uninstalling stack "never-installed-xyz"...
[2026-07-21T17:19:05.017Z] local.INFO: Installing stack "__test-uninstall-stack"...
[2026-07-21T17:19:05.018Z] local.INFO: Uninstalling stack "testuninstall"...
[2026-07-21T17:19:05.018Z] local.SUCCESS: Installed stack "testuninstall" from stacksjs-tests/testuninstall (1 file(s) copied, 0 skipped)
[2026-07-21T17:19:05.023Z] local.SUCCESS: Uninstalled stack "testuninstall" (1 file(s) removed)
[2026-07-21T17:19:05.024Z] local.INFO: Installing stack "__test-modified-stack"...
[2026-07-21T17:19:05.025Z] local.INFO: Uninstalling stack "testmodified"...
[2026-07-21T17:19:05.025Z] local.SUCCESS: Installed stack "testmodified" from stacksjs-tests/testmodified (1 file(s) copied, 0 skipped)
[2026-07-21T17:19:05.026Z] local.WARNING: Skipping modified file: config/__test-modified.ts (use --force to remove) undefined
[2026-07-21T17:19:05.026Z] local.WARNING: Stack "testmodified" is still tracked because 1 modified file(s) remain undefined
[2026-07-21T17:19:05.027Z] local.INFO: Installing stack "__test-force-rm-stack"...
[2026-07-21T17:19:05.028Z] local.SUCCESS: Installed stack "testforcerm" from stacksjs-tests/testforcerm (1 file(s) copied, 0 skipped)
[2026-07-21T17:19:05.028Z] local.INFO: Uninstalling stack "testforcerm"...
[2026-07-21T17:19:05.033Z] local.SUCCESS: Uninstalled stack "testforcerm" (1 file(s) removed)
[2026-07-21T17:19:05.034Z] local.INFO: Installing stack "__test-restore-stack"...
[2026-07-21T17:19:05.035Z] local.INFO: Uninstalling stack "testrestore"...
[2026-07-21T17:19:05.035Z] local.SUCCESS: Installed stack "testrestore" from stacksjs-tests/testrestore (1 file(s) copied, 0 skipped)
[2026-07-21T17:19:05.041Z] local.SUCCESS: Uninstalled stack "testrestore" (1 file(s) removed)
[2026-07-21T17:19:05.044Z] local.INFO: Installing stack "__test-pkg-name-stack"...
[2026-07-21T17:19:05.045Z] local.INFO: Uninstalling stack "__test-pkg-name-stack"...
[2026-07-21T17:19:05.045Z] local.SUCCESS: Installed stack "testpkgname" from stacksjs-tests/testpkgname (1 file(s) copied, 0 skipped)
[2026-07-21T17:19:05.050Z] local.SUCCESS: Uninstalled stack "testpkgname" (1 file(s) removed)
[2026-07-21T17:19:05.051Z] local.INFO: Installing stack "__test-already-gone"...
[2026-07-21T17:19:05.053Z] local.SUCCESS: Installed stack "testalreadygone" from stacksjs-tests/testalreadygone (1 file(s) copied, 0 skipped)
[2026-07-21T17:19:05.053Z] local.INFO: Uninstalling stack "testalreadygone"...
[2026-07-21T17:19:05.058Z] local.SUCCESS: Uninstalled stack "testalreadygone" (0 file(s) removed)
[2026-07-21T17:19:05.059Z] local.INFO: Installing stack "__test-list-stack"...
[2026-07-21T17:19:05.062Z] local.SUCCESS: Installed stack "testlist" from stacksjs-tests/testlist (1 file(s) copied, 0 skipped)
[2026-07-21T17:19:05.064Z] local.INFO: Installing stack "__test-lockfile-stack"...
[2026-07-21T17:19:05.065Z] local.SUCCESS: Installed stack "testlockfile" from stacksjs-tests/testlockfile (1 file(s) copied, 0 skipped)
[2026-07-21T17:19:05.066Z] local.INFO: Installing stack "__test-multi-a"...
[2026-07-21T17:19:05.068Z] local.SUCCESS: Installed stack "testmultia" from stacksjs-tests/testmultia (1 file(s) copied, 0 skipped)
[2026-07-21T17:19:05.068Z] local.INFO: Installing stack "__test-multi-b"...
[2026-07-21T17:19:05.069Z] local.SUCCESS: Installed stack "testmultib" from stacksjs-tests/testmultib (1 file(s) copied, 0 skipped)
[2026-07-21T17:19:05.070Z] local.INFO: Installing stack "__test-lock-rm"...
[2026-07-21T17:19:05.072Z] local.INFO: Uninstalling stack "testlockrm"...
[2026-07-21T17:19:05.072Z] local.SUCCESS: Installed stack "testlockrm" from stacksjs-tests/testlockrm (1 file(s) copied, 0 skipped)
[2026-07-21T17:19:05.077Z] local.SUCCESS: Uninstalled stack "testlockrm" (1 file(s) removed)
[2026-07-21T17:19:05.078Z] local.INFO: Installing stack "__test-strategy"...
[2026-07-21T17:19:05.079Z] local.SUCCESS: Installed stack "teststrategy" from stacksjs-tests/teststrategy (1 file(s) copied, 0 skipped)
[2026-07-21T17:19:05.080Z] local.INFO: Installing stack "__test-force-conflict"...
[2026-07-21T17:19:05.082Z] local.SUCCESS: Installed stack "testforceconflict" from stacksjs-tests/testforceconflict (1 file(s) copied, 0 skipped)
[2026-07-21T17:19:05.086Z] local.INFO: Creating your test-make-stack-basic stack...
[2026-07-21T17:19:05.087Z] local.SUCCESS: Successfully scaffolded your "test-make-stack-basic" stack
[2026-07-21T17:19:05.087Z] local.INFO:   cd test-make-stack-basic
[2026-07-21T17:19:05.087Z] local.INFO:   # Push the repository, then submit its GitHub source to the Stacks registry.
[2026-07-21T17:19:05.087Z] local.INFO: 
[2026-07-21T17:19:05.087Z] local.INFO:   # Add your models, actions, views, etc.
[2026-07-21T17:19:05.087Z] local.INFO: 
[2026-07-21T17:19:05.087Z] local.INFO:   Users install it with:
[2026-07-21T17:19:05.087Z] local.INFO:   buddy add test-make-stack-basic
[2026-07-21T17:19:05.088Z] local.INFO: Creating your test-make-stack-pkg stack...
[2026-07-21T17:19:05.089Z] local.SUCCESS: Successfully scaffolded your "test-make-stack-pkg" stack
[2026-07-21T17:19:05.089Z] local.INFO: 
[2026-07-21T17:19:05.089Z] local.INFO:   cd test-make-stack-pkg
[2026-07-21T17:19:05.089Z] local.INFO:   # Push the repository, then submit its GitHub source to the Stacks registry.
[2026-07-21T17:19:05.089Z] local.INFO:   # Add your models, actions, views, etc.
[2026-07-21T17:19:05.089Z] local.INFO: 
[2026-07-21T17:19:05.089Z] local.INFO:   Users install it with:
[2026-07-21T17:19:05.089Z] local.INFO:   buddy add test-make-stack-pkg
[2026-07-21T17:19:05.090Z] local.INFO: Creating your test-make-stack-dirs stack...
[2026-07-21T17:19:05.091Z] local.SUCCESS: Successfully scaffolded your "test-make-stack-dirs" stack
[2026-07-21T17:19:05.091Z] local.INFO: 
[2026-07-21T17:19:05.091Z] local.INFO:   # Add your models, actions, views, etc.
[2026-07-21T17:19:05.091Z] local.INFO:   cd test-make-stack-dirs
[2026-07-21T17:19:05.091Z] local.INFO:   # Push the repository, then submit its GitHub source to the Stacks registry.
[2026-07-21T17:19:05.091Z] local.INFO:   buddy add test-make-stack-dirs
[2026-07-21T17:19:05.091Z] local.INFO: 
[2026-07-21T17:19:05.091Z] local.INFO:   Users install it with:
[2026-07-21T17:19:05.092Z] local.INFO: Creating your @stacksjs/blog-stack stack...
[2026-07-21T17:19:05.093Z] local.SUCCESS: Successfully scaffolded your "@stacksjs/blog-stack" stack
[2026-07-21T17:19:05.093Z] local.INFO: 
[2026-07-21T17:19:05.093Z] local.INFO:   cd @stacksjs/blog-stack
[2026-07-21T17:19:05.093Z] local.INFO: 
[2026-07-21T17:19:05.093Z] local.INFO:   # Push the repository, then submit its GitHub source to the Stacks registry.
[2026-07-21T17:19:05.093Z] local.INFO:   Users install it with:
[2026-07-21T17:19:05.093Z] local.INFO:   # Add your models, actions, views, etc.
[2026-07-21T17:19:05.093Z] local.INFO:   buddy add blog
[2026-07-21T17:19:05.094Z] local.INFO: Creating your my-blog-stack stack...
[2026-07-21T17:19:05.094Z] local.INFO:   # Push the repository, then submit its GitHub source to the Stacks registry.
[2026-07-21T17:19:05.094Z] local.INFO: 
[2026-07-21T17:19:05.094Z] local.SUCCESS: Successfully scaffolded your "my-blog-stack" stack
[2026-07-21T17:19:05.094Z] local.INFO:   cd my-blog-stack
[2026-07-21T17:19:05.094Z] local.INFO: 
[2026-07-21T17:19:05.094Z] local.INFO:   buddy add my-blog
[2026-07-21T17:19:05.094Z] local.INFO:   # Add your models, actions, views, etc.
[2026-07-21T17:19:05.094Z] local.INFO:   Users install it with:
